Verwijderen!
